--------------------------------------------------------------------------------
Release 14.1 Trace  (nt64)
Copyright (c) 1995-2012 Xilinx, Inc.  All rights reserved.

C:\Xilinx\14.1\ISE_DS\ISE\bin\nt64\unwrapped\trce.exe -intstyle ise -v 3 -s 5
-n 3 -fastpaths -xml float2fix.twx float2fix.ncd -o float2fix.twr float2fix.pcf

Design file:              float2fix.ncd
Physical constraint file: float2fix.pcf
Device,package,speed:     xc3s100e,tq144,-5 (PRODUCTION 1.27 2012-04-23)
Report level:             verbose report

Environment Variable      Effect 
--------------------      ------ 
NONE                      No environment variables were set
--------------------------------------------------------------------------------

INFO:Timing:2698 - No timing constraints found, doing default enumeration.
INFO:Timing:3412 - To improve timing, see the Timing Closure User Guide (UG612).
INFO:Timing:2752 - To get complete path coverage, use the unconstrained paths 
   option. All paths that are not constrained will be reported in the 
   unconstrained paths section(s) of the report.
INFO:Timing:3339 - The clock-to-out numbers in this timing report are based on 
   a 50 Ohm transmission line loading model.  For the details of this model, 
   and for more information on accounting for different loading conditions, 
   please see the device datasheet.
INFO:Timing:3390 - This architecture does not support a default System Jitter 
   value, please add SYSTEM_JITTER constraint to the UCF to modify the Clock 
   Uncertainty calculation.
INFO:Timing:3389 - This architecture does not support 'Discrete Jitter' and 
   'Phase Error' calculations, these terms will be zero in the Clock 
   Uncertainty calculation.  Please make appropriate modification to 
   SYSTEM_JITTER to account for the unsupported Discrete Jitter and Phase 
   Error.



Data Sheet report:
-----------------
All values displayed in nanoseconds (ns)

Pad to Pad
---------------+---------------+---------+
Source Pad     |Destination Pad|  Delay  |
---------------+---------------+---------+
fixposition<0> |fixn<0>        |   13.408|
fixposition<0> |fixn<1>        |   13.343|
fixposition<0> |fixn<2>        |   13.363|
fixposition<0> |fixn<3>        |   13.038|
fixposition<0> |fixn<4>        |   13.465|
fixposition<0> |fixn<5>        |   13.347|
fixposition<0> |fixn<6>        |   12.913|
fixposition<0> |fixn<7>        |   13.013|
fixposition<0> |fixn<8>        |   13.410|
fixposition<0> |fixn<9>        |   12.300|
fixposition<0> |fixn<10>       |   12.500|
fixposition<0> |fixn<11>       |   12.638|
fixposition<0> |fixn<12>       |   11.918|
fixposition<0> |fixn<13>       |   11.913|
fixposition<0> |fixn<14>       |   12.083|
fixposition<0> |fixn<15>       |   12.551|
fixposition<0> |fixn<16>       |   12.692|
fixposition<0> |fixn<17>       |   12.801|
fixposition<0> |fixn<18>       |   12.955|
fixposition<0> |fixn<19>       |   12.848|
fixposition<0> |fixn<20>       |   12.549|
fixposition<0> |fixn<21>       |   12.439|
fixposition<0> |fixn<22>       |   12.436|
fixposition<0> |fixn<23>       |   12.484|
fixposition<0> |fixn<24>       |   11.604|
fixposition<1> |fixn<0>        |   12.389|
fixposition<1> |fixn<1>        |   12.782|
fixposition<1> |fixn<2>        |   12.802|
fixposition<1> |fixn<3>        |   12.477|
fixposition<1> |fixn<4>        |   12.155|
fixposition<1> |fixn<5>        |   12.786|
fixposition<1> |fixn<6>        |   12.569|
fixposition<1> |fixn<7>        |   12.598|
fixposition<1> |fixn<8>        |   12.914|
fixposition<1> |fixn<9>        |   11.550|
fixposition<1> |fixn<10>       |   11.447|
fixposition<1> |fixn<11>       |   12.294|
fixposition<1> |fixn<12>       |   11.574|
fixposition<1> |fixn<13>       |   11.569|
fixposition<1> |fixn<14>       |   11.739|
fixposition<1> |fixn<15>       |   12.207|
fixposition<1> |fixn<16>       |   11.938|
fixposition<1> |fixn<17>       |   12.457|
fixposition<1> |fixn<18>       |   12.611|
fixposition<1> |fixn<19>       |   12.287|
fixposition<1> |fixn<20>       |   12.205|
fixposition<1> |fixn<21>       |   12.095|
fixposition<1> |fixn<22>       |   12.092|
fixposition<1> |fixn<23>       |   12.140|
fixposition<1> |fixn<24>       |   11.260|
fixposition<2> |fixn<0>        |   11.525|
fixposition<2> |fixn<1>        |   12.190|
fixposition<2> |fixn<2>        |   12.732|
fixposition<2> |fixn<3>        |   11.638|
fixposition<2> |fixn<4>        |   12.151|
fixposition<2> |fixn<5>        |   12.611|
fixposition<2> |fixn<6>        |   12.565|
fixposition<2> |fixn<7>        |   12.594|
fixposition<2> |fixn<8>        |   12.910|
fixposition<2> |fixn<9>        |   11.521|
fixposition<2> |fixn<10>       |   11.390|
fixposition<2> |fixn<11>       |   12.290|
fixposition<2> |fixn<12>       |   11.570|
fixposition<2> |fixn<13>       |   11.565|
fixposition<2> |fixn<14>       |   11.735|
fixposition<2> |fixn<15>       |   12.203|
fixposition<2> |fixn<16>       |   11.367|
fixposition<2> |fixn<17>       |   12.453|
fixposition<2> |fixn<18>       |   12.607|
fixposition<2> |fixn<19>       |   11.433|
fixposition<2> |fixn<20>       |   12.201|
fixposition<2> |fixn<21>       |   12.091|
fixposition<2> |fixn<22>       |   12.088|
fixposition<2> |fixn<23>       |   12.136|
fixposition<2> |fixn<24>       |   11.256|
fixposition<3> |fixn<0>        |   11.292|
fixposition<3> |fixn<1>        |   11.957|
fixposition<3> |fixn<2>        |   12.499|
fixposition<3> |fixn<3>        |   11.405|
fixposition<3> |fixn<4>        |   11.918|
fixposition<3> |fixn<5>        |   12.378|
fixposition<3> |fixn<6>        |   12.332|
fixposition<3> |fixn<7>        |   12.361|
fixposition<3> |fixn<8>        |   12.677|
fixposition<3> |fixn<9>        |   11.288|
fixposition<3> |fixn<10>       |   11.157|
fixposition<3> |fixn<11>       |   12.057|
fixposition<3> |fixn<12>       |   11.337|
fixposition<3> |fixn<13>       |   11.332|
fixposition<3> |fixn<14>       |   11.502|
fixposition<3> |fixn<15>       |   11.970|
fixposition<3> |fixn<16>       |   11.134|
fixposition<3> |fixn<17>       |   12.220|
fixposition<3> |fixn<18>       |   12.374|
fixposition<3> |fixn<19>       |   11.200|
fixposition<3> |fixn<20>       |   11.968|
fixposition<3> |fixn<21>       |   11.858|
fixposition<3> |fixn<22>       |   11.855|
fixposition<3> |fixn<23>       |   11.903|
fixposition<3> |fixn<24>       |   11.023|
fixposition<4> |fixn<0>        |   11.594|
fixposition<4> |fixn<1>        |   12.259|
fixposition<4> |fixn<2>        |   12.801|
fixposition<4> |fixn<3>        |   11.707|
fixposition<4> |fixn<4>        |   12.220|
fixposition<4> |fixn<5>        |   12.680|
fixposition<4> |fixn<6>        |   12.634|
fixposition<4> |fixn<7>        |   12.663|
fixposition<4> |fixn<8>        |   12.979|
fixposition<4> |fixn<9>        |   11.590|
fixposition<4> |fixn<10>       |   11.459|
fixposition<4> |fixn<11>       |   12.359|
fixposition<4> |fixn<12>       |   11.639|
fixposition<4> |fixn<13>       |   11.634|
fixposition<4> |fixn<14>       |   11.804|
fixposition<4> |fixn<15>       |   12.272|
fixposition<4> |fixn<16>       |   11.436|
fixposition<4> |fixn<17>       |   12.522|
fixposition<4> |fixn<18>       |   12.676|
fixposition<4> |fixn<19>       |   11.502|
fixposition<4> |fixn<20>       |   12.270|
fixposition<4> |fixn<21>       |   12.160|
fixposition<4> |fixn<22>       |   12.157|
fixposition<4> |fixn<23>       |   12.205|
fixposition<4> |fixn<24>       |   11.325|
floatn<0>      |fixn<0>        |   14.808|
floatn<0>      |fixn<1>        |   14.948|
floatn<0>      |fixn<2>        |   15.082|
floatn<0>      |fixn<3>        |   14.283|
floatn<0>      |fixn<4>        |   14.477|
floatn<0>      |fixn<5>        |   14.952|
floatn<0>      |fixn<6>        |   14.005|
floatn<0>      |fixn<7>        |   14.233|
floatn<0>      |fixn<8>        |   14.422|
floatn<0>      |fixn<9>        |   14.153|
floatn<0>      |fixn<10>       |   14.153|
floatn<0>      |fixn<11>       |   14.157|
floatn<0>      |fixn<12>       |   13.550|
floatn<0>      |fixn<13>       |   13.713|
floatn<0>      |fixn<14>       |   13.491|
floatn<0>      |fixn<15>       |   14.334|
floatn<0>      |fixn<16>       |   14.594|
floatn<0>      |fixn<17>       |   13.627|
floatn<0>      |fixn<18>       |   13.730|
floatn<0>      |fixn<19>       |   14.526|
floatn<0>      |fixn<20>       |   13.889|
floatn<0>      |fixn<21>       |   12.318|
floatn<0>      |fixn<22>       |   11.924|
floatn<0>      |fixn<23>       |   12.003|
floatn<0>      |fixn<24>       |   10.619|
floatn<1>      |fixn<0>        |   14.580|
floatn<1>      |fixn<1>        |   14.720|
floatn<1>      |fixn<2>        |   14.854|
floatn<1>      |fixn<3>        |   14.055|
floatn<1>      |fixn<4>        |   14.249|
floatn<1>      |fixn<5>        |   14.724|
floatn<1>      |fixn<6>        |   13.777|
floatn<1>      |fixn<7>        |   14.005|
floatn<1>      |fixn<8>        |   14.194|
floatn<1>      |fixn<9>        |   13.925|
floatn<1>      |fixn<10>       |   13.925|
floatn<1>      |fixn<11>       |   13.929|
floatn<1>      |fixn<12>       |   13.322|
floatn<1>      |fixn<13>       |   13.485|
floatn<1>      |fixn<14>       |   13.263|
floatn<1>      |fixn<15>       |   14.106|
floatn<1>      |fixn<16>       |   14.366|
floatn<1>      |fixn<17>       |   13.399|
floatn<1>      |fixn<18>       |   13.502|
floatn<1>      |fixn<19>       |   14.298|
floatn<1>      |fixn<20>       |   13.661|
floatn<1>      |fixn<21>       |   12.090|
floatn<1>      |fixn<22>       |   11.696|
floatn<1>      |fixn<23>       |   11.775|
floatn<1>      |fixn<24>       |   10.391|
floatn<2>      |fixn<0>        |   14.879|
floatn<2>      |fixn<1>        |   15.019|
floatn<2>      |fixn<2>        |   15.153|
floatn<2>      |fixn<3>        |   14.354|
floatn<2>      |fixn<4>        |   14.548|
floatn<2>      |fixn<5>        |   15.023|
floatn<2>      |fixn<6>        |   14.076|
floatn<2>      |fixn<7>        |   14.304|
floatn<2>      |fixn<8>        |   14.493|
floatn<2>      |fixn<9>        |   14.224|
floatn<2>      |fixn<10>       |   14.224|
floatn<2>      |fixn<11>       |   14.228|
floatn<2>      |fixn<12>       |   13.621|
floatn<2>      |fixn<13>       |   13.784|
floatn<2>      |fixn<14>       |   13.562|
floatn<2>      |fixn<15>       |   14.405|
floatn<2>      |fixn<16>       |   14.665|
floatn<2>      |fixn<17>       |   13.698|
floatn<2>      |fixn<18>       |   13.801|
floatn<2>      |fixn<19>       |   14.597|
floatn<2>      |fixn<20>       |   13.960|
floatn<2>      |fixn<21>       |   12.389|
floatn<2>      |fixn<22>       |   11.995|
floatn<2>      |fixn<23>       |   12.074|
floatn<2>      |fixn<24>       |   10.690|
floatn<3>      |fixn<0>        |   14.714|
floatn<3>      |fixn<1>        |   14.854|
floatn<3>      |fixn<2>        |   14.988|
floatn<3>      |fixn<3>        |   14.189|
floatn<3>      |fixn<4>        |   14.383|
floatn<3>      |fixn<5>        |   14.858|
floatn<3>      |fixn<6>        |   13.911|
floatn<3>      |fixn<7>        |   14.139|
floatn<3>      |fixn<8>        |   14.328|
floatn<3>      |fixn<9>        |   14.059|
floatn<3>      |fixn<10>       |   14.059|
floatn<3>      |fixn<11>       |   14.063|
floatn<3>      |fixn<12>       |   13.456|
floatn<3>      |fixn<13>       |   13.619|
floatn<3>      |fixn<14>       |   13.397|
floatn<3>      |fixn<15>       |   14.240|
floatn<3>      |fixn<16>       |   14.500|
floatn<3>      |fixn<17>       |   13.533|
floatn<3>      |fixn<18>       |   13.636|
floatn<3>      |fixn<19>       |   14.432|
floatn<3>      |fixn<20>       |   13.795|
floatn<3>      |fixn<21>       |   12.224|
floatn<3>      |fixn<22>       |   11.830|
floatn<3>      |fixn<23>       |   11.909|
floatn<3>      |fixn<24>       |   10.525|
floatn<4>      |fixn<0>        |   14.784|
floatn<4>      |fixn<1>        |   14.924|
floatn<4>      |fixn<2>        |   15.058|
floatn<4>      |fixn<3>        |   14.259|
floatn<4>      |fixn<4>        |   14.453|
floatn<4>      |fixn<5>        |   14.928|
floatn<4>      |fixn<6>        |   13.981|
floatn<4>      |fixn<7>        |   14.209|
floatn<4>      |fixn<8>        |   14.398|
floatn<4>      |fixn<9>        |   14.129|
floatn<4>      |fixn<10>       |   14.129|
floatn<4>      |fixn<11>       |   14.133|
floatn<4>      |fixn<12>       |   13.526|
floatn<4>      |fixn<13>       |   13.689|
floatn<4>      |fixn<14>       |   13.467|
floatn<4>      |fixn<15>       |   14.310|
floatn<4>      |fixn<16>       |   14.570|
floatn<4>      |fixn<17>       |   13.603|
floatn<4>      |fixn<18>       |   13.706|
floatn<4>      |fixn<19>       |   14.502|
floatn<4>      |fixn<20>       |   13.865|
floatn<4>      |fixn<21>       |   12.294|
floatn<4>      |fixn<22>       |   11.900|
floatn<4>      |fixn<23>       |   11.979|
floatn<4>      |fixn<24>       |   10.595|
floatn<5>      |fixn<0>        |   14.681|
floatn<5>      |fixn<1>        |   14.821|
floatn<5>      |fixn<2>        |   14.955|
floatn<5>      |fixn<3>        |   14.156|
floatn<5>      |fixn<4>        |   14.350|
floatn<5>      |fixn<5>        |   14.825|
floatn<5>      |fixn<6>        |   13.878|
floatn<5>      |fixn<7>        |   14.106|
floatn<5>      |fixn<8>        |   14.295|
floatn<5>      |fixn<9>        |   14.026|
floatn<5>      |fixn<10>       |   14.026|
floatn<5>      |fixn<11>       |   14.030|
floatn<5>      |fixn<12>       |   13.423|
floatn<5>      |fixn<13>       |   13.586|
floatn<5>      |fixn<14>       |   13.364|
floatn<5>      |fixn<15>       |   14.207|
floatn<5>      |fixn<16>       |   14.467|
floatn<5>      |fixn<17>       |   13.500|
floatn<5>      |fixn<18>       |   13.603|
floatn<5>      |fixn<19>       |   14.399|
floatn<5>      |fixn<20>       |   13.762|
floatn<5>      |fixn<21>       |   12.191|
floatn<5>      |fixn<22>       |   11.797|
floatn<5>      |fixn<23>       |   11.876|
floatn<5>      |fixn<24>       |   10.492|
floatn<6>      |fixn<0>        |   14.660|
floatn<6>      |fixn<1>        |   14.800|
floatn<6>      |fixn<2>        |   14.934|
floatn<6>      |fixn<3>        |   14.135|
floatn<6>      |fixn<4>        |   14.329|
floatn<6>      |fixn<5>        |   14.804|
floatn<6>      |fixn<6>        |   13.857|
floatn<6>      |fixn<7>        |   14.085|
floatn<6>      |fixn<8>        |   14.274|
floatn<6>      |fixn<9>        |   14.005|
floatn<6>      |fixn<10>       |   14.005|
floatn<6>      |fixn<11>       |   14.009|
floatn<6>      |fixn<12>       |   13.402|
floatn<6>      |fixn<13>       |   13.565|
floatn<6>      |fixn<14>       |   13.343|
floatn<6>      |fixn<15>       |   14.186|
floatn<6>      |fixn<16>       |   14.446|
floatn<6>      |fixn<17>       |   13.479|
floatn<6>      |fixn<18>       |   13.582|
floatn<6>      |fixn<19>       |   14.378|
floatn<6>      |fixn<20>       |   13.741|
floatn<6>      |fixn<21>       |   12.170|
floatn<6>      |fixn<22>       |   11.776|
floatn<6>      |fixn<23>       |   11.855|
floatn<6>      |fixn<24>       |   10.471|
floatn<7>      |fixn<0>        |   14.534|
floatn<7>      |fixn<1>        |   14.674|
floatn<7>      |fixn<2>        |   14.808|
floatn<7>      |fixn<3>        |   14.009|
floatn<7>      |fixn<4>        |   14.203|
floatn<7>      |fixn<5>        |   14.678|
floatn<7>      |fixn<6>        |   13.731|
floatn<7>      |fixn<7>        |   13.959|
floatn<7>      |fixn<8>        |   14.148|
floatn<7>      |fixn<9>        |   13.879|
floatn<7>      |fixn<10>       |   13.879|
floatn<7>      |fixn<11>       |   13.883|
floatn<7>      |fixn<12>       |   13.276|
floatn<7>      |fixn<13>       |   13.439|
floatn<7>      |fixn<14>       |   13.217|
floatn<7>      |fixn<15>       |   14.060|
floatn<7>      |fixn<16>       |   14.320|
floatn<7>      |fixn<17>       |   13.353|
floatn<7>      |fixn<18>       |   13.456|
floatn<7>      |fixn<19>       |   14.252|
floatn<7>      |fixn<20>       |   13.615|
floatn<7>      |fixn<21>       |   12.044|
floatn<7>      |fixn<22>       |   11.650|
floatn<7>      |fixn<23>       |   11.729|
floatn<7>      |fixn<24>       |   10.345|
floatn<8>      |fixn<0>        |   14.525|
floatn<8>      |fixn<1>        |   14.665|
floatn<8>      |fixn<2>        |   14.799|
floatn<8>      |fixn<3>        |   14.000|
floatn<8>      |fixn<4>        |   14.194|
floatn<8>      |fixn<5>        |   14.669|
floatn<8>      |fixn<6>        |   13.722|
floatn<8>      |fixn<7>        |   13.946|
floatn<8>      |fixn<8>        |   14.139|
floatn<8>      |fixn<9>        |   13.870|
floatn<8>      |fixn<10>       |   13.870|
floatn<8>      |fixn<11>       |   13.874|
floatn<8>      |fixn<12>       |   13.267|
floatn<8>      |fixn<13>       |   13.430|
floatn<8>      |fixn<14>       |   13.208|
floatn<8>      |fixn<15>       |   14.051|
floatn<8>      |fixn<16>       |   14.311|
floatn<8>      |fixn<17>       |   13.344|
floatn<8>      |fixn<18>       |   13.447|
floatn<8>      |fixn<19>       |   14.243|
floatn<8>      |fixn<20>       |   13.606|
floatn<8>      |fixn<21>       |   12.035|
floatn<8>      |fixn<22>       |   11.641|
floatn<8>      |fixn<23>       |   11.720|
floatn<8>      |fixn<24>       |   10.336|
floatn<9>      |fixn<0>        |   14.557|
floatn<9>      |fixn<1>        |   14.697|
floatn<9>      |fixn<2>        |   14.831|
floatn<9>      |fixn<3>        |   14.032|
floatn<9>      |fixn<4>        |   14.226|
floatn<9>      |fixn<5>        |   14.701|
floatn<9>      |fixn<6>        |   13.754|
floatn<9>      |fixn<7>        |   13.978|
floatn<9>      |fixn<8>        |   14.171|
floatn<9>      |fixn<9>        |   13.902|
floatn<9>      |fixn<10>       |   13.902|
floatn<9>      |fixn<11>       |   13.906|
floatn<9>      |fixn<12>       |   13.299|
floatn<9>      |fixn<13>       |   13.462|
floatn<9>      |fixn<14>       |   13.240|
floatn<9>      |fixn<15>       |   14.083|
floatn<9>      |fixn<16>       |   14.343|
floatn<9>      |fixn<17>       |   13.376|
floatn<9>      |fixn<18>       |   13.479|
floatn<9>      |fixn<19>       |   14.275|
floatn<9>      |fixn<20>       |   13.638|
floatn<9>      |fixn<21>       |   12.067|
floatn<9>      |fixn<22>       |   11.673|
floatn<9>      |fixn<23>       |   11.752|
floatn<9>      |fixn<24>       |   10.368|
floatn<10>     |fixn<0>        |   14.156|
floatn<10>     |fixn<1>        |   14.296|
floatn<10>     |fixn<2>        |   14.430|
floatn<10>     |fixn<3>        |   13.631|
floatn<10>     |fixn<4>        |   13.649|
floatn<10>     |fixn<5>        |   14.300|
floatn<10>     |fixn<6>        |   13.353|
floatn<10>     |fixn<7>        |   13.577|
floatn<10>     |fixn<8>        |   13.638|
floatn<10>     |fixn<9>        |   13.501|
floatn<10>     |fixn<10>       |   13.501|
floatn<10>     |fixn<11>       |   13.505|
floatn<10>     |fixn<12>       |   12.898|
floatn<10>     |fixn<13>       |   13.061|
floatn<10>     |fixn<14>       |   12.839|
floatn<10>     |fixn<15>       |   13.682|
floatn<10>     |fixn<16>       |   13.942|
floatn<10>     |fixn<17>       |   12.975|
floatn<10>     |fixn<18>       |   13.078|
floatn<10>     |fixn<19>       |   13.874|
floatn<10>     |fixn<20>       |   13.237|
floatn<10>     |fixn<21>       |   11.666|
floatn<10>     |fixn<22>       |   11.272|
floatn<10>     |fixn<23>       |   11.351|
floatn<10>     |fixn<24>       |    9.967|
floatn<11>     |fixn<0>        |   14.065|
floatn<11>     |fixn<1>        |   14.205|
floatn<11>     |fixn<2>        |   14.339|
floatn<11>     |fixn<3>        |   13.540|
floatn<11>     |fixn<4>        |   13.558|
floatn<11>     |fixn<5>        |   14.209|
floatn<11>     |fixn<6>        |   13.262|
floatn<11>     |fixn<7>        |   13.486|
floatn<11>     |fixn<8>        |   13.547|
floatn<11>     |fixn<9>        |   13.410|
floatn<11>     |fixn<10>       |   13.410|
floatn<11>     |fixn<11>       |   13.414|
floatn<11>     |fixn<12>       |   12.807|
floatn<11>     |fixn<13>       |   12.970|
floatn<11>     |fixn<14>       |   12.748|
floatn<11>     |fixn<15>       |   13.591|
floatn<11>     |fixn<16>       |   13.851|
floatn<11>     |fixn<17>       |   12.884|
floatn<11>     |fixn<18>       |   12.987|
floatn<11>     |fixn<19>       |   13.783|
floatn<11>     |fixn<20>       |   13.146|
floatn<11>     |fixn<21>       |   11.575|
floatn<11>     |fixn<22>       |   11.181|
floatn<11>     |fixn<23>       |   11.260|
floatn<11>     |fixn<24>       |    9.876|
floatn<12>     |fixn<0>        |   14.312|
floatn<12>     |fixn<1>        |   14.452|
floatn<12>     |fixn<2>        |   14.586|
floatn<12>     |fixn<3>        |   13.787|
floatn<12>     |fixn<4>        |   13.805|
floatn<12>     |fixn<5>        |   14.456|
floatn<12>     |fixn<6>        |   13.509|
floatn<12>     |fixn<7>        |   13.733|
floatn<12>     |fixn<8>        |   13.646|
floatn<12>     |fixn<9>        |   13.657|
floatn<12>     |fixn<10>       |   13.657|
floatn<12>     |fixn<11>       |   13.661|
floatn<12>     |fixn<12>       |   13.054|
floatn<12>     |fixn<13>       |   13.217|
floatn<12>     |fixn<14>       |   12.995|
floatn<12>     |fixn<15>       |   13.838|
floatn<12>     |fixn<16>       |   14.098|
floatn<12>     |fixn<17>       |   13.131|
floatn<12>     |fixn<18>       |   13.234|
floatn<12>     |fixn<19>       |   14.030|
floatn<12>     |fixn<20>       |   13.393|
floatn<12>     |fixn<21>       |   11.822|
floatn<12>     |fixn<22>       |   11.428|
floatn<12>     |fixn<23>       |   11.507|
floatn<12>     |fixn<24>       |   10.123|
floatn<13>     |fixn<0>        |   13.936|
floatn<13>     |fixn<1>        |   14.076|
floatn<13>     |fixn<2>        |   14.210|
floatn<13>     |fixn<3>        |   13.411|
floatn<13>     |fixn<4>        |   13.429|
floatn<13>     |fixn<5>        |   14.080|
floatn<13>     |fixn<6>        |   13.133|
floatn<13>     |fixn<7>        |   13.357|
floatn<13>     |fixn<8>        |   13.270|
floatn<13>     |fixn<9>        |   13.281|
floatn<13>     |fixn<10>       |   13.281|
floatn<13>     |fixn<11>       |   13.285|
floatn<13>     |fixn<12>       |   12.678|
floatn<13>     |fixn<13>       |   12.841|
floatn<13>     |fixn<14>       |   12.619|
floatn<13>     |fixn<15>       |   13.462|
floatn<13>     |fixn<16>       |   13.722|
floatn<13>     |fixn<17>       |   12.755|
floatn<13>     |fixn<18>       |   12.858|
floatn<13>     |fixn<19>       |   13.654|
floatn<13>     |fixn<20>       |   13.017|
floatn<13>     |fixn<21>       |   11.446|
floatn<13>     |fixn<22>       |   11.052|
floatn<13>     |fixn<23>       |   11.131|
floatn<13>     |fixn<24>       |    9.747|
floatn<14>     |fixn<0>        |   13.994|
floatn<14>     |fixn<1>        |   13.897|
floatn<14>     |fixn<2>        |   14.268|
floatn<14>     |fixn<3>        |   13.339|
floatn<14>     |fixn<4>        |   13.487|
floatn<14>     |fixn<5>        |   13.901|
floatn<14>     |fixn<6>        |   13.191|
floatn<14>     |fixn<7>        |   13.360|
floatn<14>     |fixn<8>        |   13.328|
floatn<14>     |fixn<9>        |   13.102|
floatn<14>     |fixn<10>       |   13.339|
floatn<14>     |fixn<11>       |   13.343|
floatn<14>     |fixn<12>       |   12.736|
floatn<14>     |fixn<13>       |   12.662|
floatn<14>     |fixn<14>       |   12.677|
floatn<14>     |fixn<15>       |   13.390|
floatn<14>     |fixn<16>       |   13.780|
floatn<14>     |fixn<17>       |   12.813|
floatn<14>     |fixn<18>       |   12.916|
floatn<14>     |fixn<19>       |   13.712|
floatn<14>     |fixn<20>       |   13.075|
floatn<14>     |fixn<21>       |   11.504|
floatn<14>     |fixn<22>       |   11.110|
floatn<14>     |fixn<23>       |   11.189|
floatn<14>     |fixn<24>       |    9.805|
floatn<15>     |fixn<0>        |   13.831|
floatn<15>     |fixn<1>        |   13.517|
floatn<15>     |fixn<2>        |   14.105|
floatn<15>     |fixn<3>        |   13.176|
floatn<15>     |fixn<4>        |   13.324|
floatn<15>     |fixn<5>        |   13.521|
floatn<15>     |fixn<6>        |   13.028|
floatn<15>     |fixn<7>        |   13.197|
floatn<15>     |fixn<8>        |   13.165|
floatn<15>     |fixn<9>        |   12.722|
floatn<15>     |fixn<10>       |   13.176|
floatn<15>     |fixn<11>       |   13.180|
floatn<15>     |fixn<12>       |   12.573|
floatn<15>     |fixn<13>       |   12.282|
floatn<15>     |fixn<14>       |   12.514|
floatn<15>     |fixn<15>       |   13.227|
floatn<15>     |fixn<16>       |   13.617|
floatn<15>     |fixn<17>       |   12.650|
floatn<15>     |fixn<18>       |   12.753|
floatn<15>     |fixn<19>       |   13.549|
floatn<15>     |fixn<20>       |   12.912|
floatn<15>     |fixn<21>       |   11.341|
floatn<15>     |fixn<22>       |   10.947|
floatn<15>     |fixn<23>       |   11.026|
floatn<15>     |fixn<24>       |    9.642|
floatn<16>     |fixn<0>        |   14.123|
floatn<16>     |fixn<1>        |   13.700|
floatn<16>     |fixn<2>        |   14.318|
floatn<16>     |fixn<3>        |   13.389|
floatn<16>     |fixn<4>        |   13.616|
floatn<16>     |fixn<5>        |   13.952|
floatn<16>     |fixn<6>        |   13.472|
floatn<16>     |fixn<7>        |   13.647|
floatn<16>     |fixn<8>        |   13.457|
floatn<16>     |fixn<9>        |   13.048|
floatn<16>     |fixn<10>       |   13.389|
floatn<16>     |fixn<11>       |   13.630|
floatn<16>     |fixn<12>       |   13.023|
floatn<16>     |fixn<13>       |   12.718|
floatn<16>     |fixn<14>       |   12.964|
floatn<16>     |fixn<15>       |   13.440|
floatn<16>     |fixn<16>       |   13.909|
floatn<16>     |fixn<17>       |   13.100|
floatn<16>     |fixn<18>       |   13.203|
floatn<16>     |fixn<19>       |   13.999|
floatn<16>     |fixn<20>       |   13.362|
floatn<16>     |fixn<21>       |   11.791|
floatn<16>     |fixn<22>       |   11.397|
floatn<16>     |fixn<23>       |   11.476|
floatn<16>     |fixn<24>       |   10.092|
floatn<17>     |fixn<0>        |   14.029|
floatn<17>     |fixn<1>        |   13.606|
floatn<17>     |fixn<2>        |   14.007|
floatn<17>     |fixn<3>        |   13.139|
floatn<17>     |fixn<4>        |   13.522|
floatn<17>     |fixn<5>        |   13.858|
floatn<17>     |fixn<6>        |   13.378|
floatn<17>     |fixn<7>        |   13.553|
floatn<17>     |fixn<8>        |   13.363|
floatn<17>     |fixn<9>        |   12.954|
floatn<17>     |fixn<10>       |   13.146|
floatn<17>     |fixn<11>       |   13.536|
floatn<17>     |fixn<12>       |   12.929|
floatn<17>     |fixn<13>       |   12.624|
floatn<17>     |fixn<14>       |   12.870|
floatn<17>     |fixn<15>       |   13.137|
floatn<17>     |fixn<16>       |   13.815|
floatn<17>     |fixn<17>       |   13.006|
floatn<17>     |fixn<18>       |   13.109|
floatn<17>     |fixn<19>       |   13.905|
floatn<17>     |fixn<20>       |   13.268|
floatn<17>     |fixn<21>       |   11.697|
floatn<17>     |fixn<22>       |   11.303|
floatn<17>     |fixn<23>       |   11.382|
floatn<17>     |fixn<24>       |    9.998|
floatn<18>     |fixn<0>        |   13.416|
floatn<18>     |fixn<1>        |   12.994|
floatn<18>     |fixn<2>        |   13.246|
floatn<18>     |fixn<3>        |   12.764|
floatn<18>     |fixn<4>        |   13.002|
floatn<18>     |fixn<5>        |   13.246|
floatn<18>     |fixn<6>        |   12.985|
floatn<18>     |fixn<7>        |   13.178|
floatn<18>     |fixn<8>        |   12.761|
floatn<18>     |fixn<9>        |   12.342|
floatn<18>     |fixn<10>       |   12.753|
floatn<18>     |fixn<11>       |   13.161|
floatn<18>     |fixn<12>       |   12.554|
floatn<18>     |fixn<13>       |   12.012|
floatn<18>     |fixn<14>       |   12.477|
floatn<18>     |fixn<15>       |   12.571|
floatn<18>     |fixn<16>       |   13.202|
floatn<18>     |fixn<17>       |   12.394|
floatn<18>     |fixn<18>       |   12.716|
floatn<18>     |fixn<19>       |   13.530|
floatn<18>     |fixn<20>       |   12.893|
floatn<18>     |fixn<21>       |   11.322|
floatn<18>     |fixn<22>       |   10.928|
floatn<18>     |fixn<23>       |   11.007|
floatn<18>     |fixn<24>       |    9.623|
floatn<19>     |fixn<0>        |   13.367|
floatn<19>     |fixn<1>        |   13.123|
floatn<19>     |fixn<2>        |   13.414|
floatn<19>     |fixn<3>        |   12.932|
floatn<19>     |fixn<4>        |   13.170|
floatn<19>     |fixn<5>        |   13.197|
floatn<19>     |fixn<6>        |   13.153|
floatn<19>     |fixn<7>        |   13.346|
floatn<19>     |fixn<8>        |   12.929|
floatn<19>     |fixn<9>        |   12.500|
floatn<19>     |fixn<10>       |   12.921|
floatn<19>     |fixn<11>       |   13.329|
floatn<19>     |fixn<12>       |   12.722|
floatn<19>     |fixn<13>       |   12.127|
floatn<19>     |fixn<14>       |   12.645|
floatn<19>     |fixn<15>       |   12.739|
floatn<19>     |fixn<16>       |   13.153|
floatn<19>     |fixn<17>       |   12.523|
floatn<19>     |fixn<18>       |   12.884|
floatn<19>     |fixn<19>       |   13.698|
floatn<19>     |fixn<20>       |   13.061|
floatn<19>     |fixn<21>       |   11.490|
floatn<19>     |fixn<22>       |   11.096|
floatn<19>     |fixn<23>       |   11.175|
floatn<19>     |fixn<24>       |    9.791|
floatn<20>     |fixn<0>        |   13.048|
floatn<20>     |fixn<1>        |   12.831|
floatn<20>     |fixn<2>        |   13.122|
floatn<20>     |fixn<3>        |   12.640|
floatn<20>     |fixn<4>        |   12.878|
floatn<20>     |fixn<5>        |   12.704|
floatn<20>     |fixn<6>        |   12.861|
floatn<20>     |fixn<7>        |   13.054|
floatn<20>     |fixn<8>        |   12.637|
floatn<20>     |fixn<9>        |   12.208|
floatn<20>     |fixn<10>       |   12.629|
floatn<20>     |fixn<11>       |   13.037|
floatn<20>     |fixn<12>       |   12.430|
floatn<20>     |fixn<13>       |   11.835|
floatn<20>     |fixn<14>       |   12.353|
floatn<20>     |fixn<15>       |   12.605|
floatn<20>     |fixn<16>       |   12.834|
floatn<20>     |fixn<17>       |   12.231|
floatn<20>     |fixn<18>       |   12.592|
floatn<20>     |fixn<19>       |   13.406|
floatn<20>     |fixn<20>       |   12.769|
floatn<20>     |fixn<21>       |   11.198|
floatn<20>     |fixn<22>       |   11.041|
floatn<20>     |fixn<23>       |   11.120|
floatn<20>     |fixn<24>       |    9.736|
floatn<21>     |fixn<0>        |   12.734|
floatn<21>     |fixn<1>        |   12.517|
floatn<21>     |fixn<2>        |   12.808|
floatn<21>     |fixn<3>        |   12.326|
floatn<21>     |fixn<4>        |   12.564|
floatn<21>     |fixn<5>        |   11.787|
floatn<21>     |fixn<6>        |   12.547|
floatn<21>     |fixn<7>        |   12.740|
floatn<21>     |fixn<8>        |   12.323|
floatn<21>     |fixn<9>        |   11.894|
floatn<21>     |fixn<10>       |   12.315|
floatn<21>     |fixn<11>       |   12.723|
floatn<21>     |fixn<12>       |   12.116|
floatn<21>     |fixn<13>       |   11.521|
floatn<21>     |fixn<14>       |   12.039|
floatn<21>     |fixn<15>       |   12.508|
floatn<21>     |fixn<16>       |   12.520|
floatn<21>     |fixn<17>       |   11.917|
floatn<21>     |fixn<18>       |   12.278|
floatn<21>     |fixn<19>       |   13.092|
floatn<21>     |fixn<20>       |   12.455|
floatn<21>     |fixn<21>       |   10.884|
floatn<21>     |fixn<22>       |   10.944|
floatn<21>     |fixn<23>       |   11.023|
floatn<21>     |fixn<24>       |    9.639|
floatn<22>     |fixn<0>        |   12.180|
floatn<22>     |fixn<1>        |   11.982|
floatn<22>     |fixn<2>        |   12.013|
floatn<22>     |fixn<3>        |   11.825|
floatn<22>     |fixn<4>        |   12.010|
floatn<22>     |fixn<5>        |   11.252|
floatn<22>     |fixn<6>        |   11.227|
floatn<22>     |fixn<7>        |   12.141|
floatn<22>     |fixn<8>        |   11.769|
floatn<22>     |fixn<9>        |   11.359|
floatn<22>     |fixn<10>       |   11.168|
floatn<22>     |fixn<11>       |   12.124|
floatn<22>     |fixn<12>       |   11.562|
floatn<22>     |fixn<13>       |   10.986|
floatn<22>     |fixn<14>       |   11.267|
floatn<22>     |fixn<15>       |   12.276|
floatn<22>     |fixn<16>       |   11.966|
floatn<22>     |fixn<17>       |   11.382|
floatn<22>     |fixn<18>       |   11.483|
floatn<22>     |fixn<19>       |   12.591|
floatn<22>     |fixn<20>       |   11.901|
floatn<22>     |fixn<21>       |   10.349|
floatn<22>     |fixn<22>       |   10.654|
floatn<22>     |fixn<23>       |   10.791|
floatn<22>     |fixn<24>       |    9.644|
floatn<23>     |fixn<0>        |   13.835|
floatn<23>     |fixn<1>        |   14.500|
floatn<23>     |fixn<2>        |   15.042|
floatn<23>     |fixn<3>        |   13.948|
floatn<23>     |fixn<4>        |   14.461|
floatn<23>     |fixn<5>        |   14.921|
floatn<23>     |fixn<6>        |   14.875|
floatn<23>     |fixn<7>        |   14.904|
floatn<23>     |fixn<8>        |   15.220|
floatn<23>     |fixn<9>        |   13.831|
floatn<23>     |fixn<10>       |   13.700|
floatn<23>     |fixn<11>       |   14.600|
floatn<23>     |fixn<12>       |   13.880|
floatn<23>     |fixn<13>       |   13.875|
floatn<23>     |fixn<14>       |   14.045|
floatn<23>     |fixn<15>       |   14.513|
floatn<23>     |fixn<16>       |   13.677|
floatn<23>     |fixn<17>       |   14.763|
floatn<23>     |fixn<18>       |   14.917|
floatn<23>     |fixn<19>       |   13.743|
floatn<23>     |fixn<20>       |   14.511|
floatn<23>     |fixn<21>       |   14.401|
floatn<23>     |fixn<22>       |   14.398|
floatn<23>     |fixn<23>       |   14.446|
floatn<23>     |fixn<24>       |   13.566|
floatn<24>     |fixn<0>        |   14.031|
floatn<24>     |fixn<1>        |   14.696|
floatn<24>     |fixn<2>        |   15.238|
floatn<24>     |fixn<3>        |   14.144|
floatn<24>     |fixn<4>        |   14.657|
floatn<24>     |fixn<5>        |   15.117|
floatn<24>     |fixn<6>        |   15.071|
floatn<24>     |fixn<7>        |   15.100|
floatn<24>     |fixn<8>        |   15.416|
floatn<24>     |fixn<9>        |   14.027|
floatn<24>     |fixn<10>       |   13.896|
floatn<24>     |fixn<11>       |   14.796|
floatn<24>     |fixn<12>       |   14.076|
floatn<24>     |fixn<13>       |   14.071|
floatn<24>     |fixn<14>       |   14.241|
floatn<24>     |fixn<15>       |   14.709|
floatn<24>     |fixn<16>       |   13.873|
floatn<24>     |fixn<17>       |   14.959|
floatn<24>     |fixn<18>       |   15.113|
floatn<24>     |fixn<19>       |   13.939|
floatn<24>     |fixn<20>       |   14.707|
floatn<24>     |fixn<21>       |   14.597|
floatn<24>     |fixn<22>       |   14.594|
floatn<24>     |fixn<23>       |   14.642|
floatn<24>     |fixn<24>       |   13.762|
floatn<25>     |fixn<0>        |   13.881|
floatn<25>     |fixn<1>        |   14.546|
floatn<25>     |fixn<2>        |   15.088|
floatn<25>     |fixn<3>        |   13.994|
floatn<25>     |fixn<4>        |   14.507|
floatn<25>     |fixn<5>        |   14.967|
floatn<25>     |fixn<6>        |   14.921|
floatn<25>     |fixn<7>        |   14.950|
floatn<25>     |fixn<8>        |   15.266|
floatn<25>     |fixn<9>        |   13.877|
floatn<25>     |fixn<10>       |   13.746|
floatn<25>     |fixn<11>       |   14.646|
floatn<25>     |fixn<12>       |   13.926|
floatn<25>     |fixn<13>       |   13.921|
floatn<25>     |fixn<14>       |   14.091|
floatn<25>     |fixn<15>       |   14.559|
floatn<25>     |fixn<16>       |   13.723|
floatn<25>     |fixn<17>       |   14.809|
floatn<25>     |fixn<18>       |   14.963|
floatn<25>     |fixn<19>       |   13.789|
floatn<25>     |fixn<20>       |   14.557|
floatn<25>     |fixn<21>       |   14.447|
floatn<25>     |fixn<22>       |   14.444|
floatn<25>     |fixn<23>       |   14.492|
floatn<25>     |fixn<24>       |   13.612|
floatn<26>     |fixn<0>        |   13.565|
floatn<26>     |fixn<1>        |   14.230|
floatn<26>     |fixn<2>        |   14.772|
floatn<26>     |fixn<3>        |   13.678|
floatn<26>     |fixn<4>        |   14.191|
floatn<26>     |fixn<5>        |   14.651|
floatn<26>     |fixn<6>        |   14.605|
floatn<26>     |fixn<7>        |   14.634|
floatn<26>     |fixn<8>        |   14.950|
floatn<26>     |fixn<9>        |   13.561|
floatn<26>     |fixn<10>       |   13.430|
floatn<26>     |fixn<11>       |   14.330|
floatn<26>     |fixn<12>       |   13.610|
floatn<26>     |fixn<13>       |   13.605|
floatn<26>     |fixn<14>       |   13.775|
floatn<26>     |fixn<15>       |   14.243|
floatn<26>     |fixn<16>       |   13.407|
floatn<26>     |fixn<17>       |   14.493|
floatn<26>     |fixn<18>       |   14.647|
floatn<26>     |fixn<19>       |   13.473|
floatn<26>     |fixn<20>       |   14.241|
floatn<26>     |fixn<21>       |   14.131|
floatn<26>     |fixn<22>       |   14.128|
floatn<26>     |fixn<23>       |   14.176|
floatn<26>     |fixn<24>       |   13.296|
floatn<27>     |fixn<0>        |   13.095|
floatn<27>     |fixn<1>        |   13.760|
floatn<27>     |fixn<2>        |   14.302|
floatn<27>     |fixn<3>        |   13.208|
floatn<27>     |fixn<4>        |   13.721|
floatn<27>     |fixn<5>        |   14.181|
floatn<27>     |fixn<6>        |   14.135|
floatn<27>     |fixn<7>        |   14.164|
floatn<27>     |fixn<8>        |   14.480|
floatn<27>     |fixn<9>        |   13.091|
floatn<27>     |fixn<10>       |   12.960|
floatn<27>     |fixn<11>       |   13.860|
floatn<27>     |fixn<12>       |   13.140|
floatn<27>     |fixn<13>       |   13.135|
floatn<27>     |fixn<14>       |   13.305|
floatn<27>     |fixn<15>       |   13.773|
floatn<27>     |fixn<16>       |   12.937|
floatn<27>     |fixn<17>       |   14.023|
floatn<27>     |fixn<18>       |   14.177|
floatn<27>     |fixn<19>       |   13.003|
floatn<27>     |fixn<20>       |   13.771|
floatn<27>     |fixn<21>       |   13.661|
floatn<27>     |fixn<22>       |   13.658|
floatn<27>     |fixn<23>       |   13.706|
floatn<27>     |fixn<24>       |   12.826|
floatn<28>     |fixn<0>        |   13.354|
floatn<28>     |fixn<1>        |   14.019|
floatn<28>     |fixn<2>        |   14.561|
floatn<28>     |fixn<3>        |   13.467|
floatn<28>     |fixn<4>        |   13.980|
floatn<28>     |fixn<5>        |   14.440|
floatn<28>     |fixn<6>        |   14.394|
floatn<28>     |fixn<7>        |   14.423|
floatn<28>     |fixn<8>        |   14.739|
floatn<28>     |fixn<9>        |   13.350|
floatn<28>     |fixn<10>       |   13.219|
floatn<28>     |fixn<11>       |   14.119|
floatn<28>     |fixn<12>       |   13.399|
floatn<28>     |fixn<13>       |   13.394|
floatn<28>     |fixn<14>       |   13.564|
floatn<28>     |fixn<15>       |   14.032|
floatn<28>     |fixn<16>       |   13.196|
floatn<28>     |fixn<17>       |   14.282|
floatn<28>     |fixn<18>       |   14.436|
floatn<28>     |fixn<19>       |   13.262|
floatn<28>     |fixn<20>       |   14.030|
floatn<28>     |fixn<21>       |   13.920|
floatn<28>     |fixn<22>       |   13.917|
floatn<28>     |fixn<23>       |   13.965|
floatn<28>     |fixn<24>       |   13.085|
floatn<29>     |fixn<0>        |   12.805|
floatn<29>     |fixn<1>        |   13.470|
floatn<29>     |fixn<2>        |   14.012|
floatn<29>     |fixn<3>        |   12.918|
floatn<29>     |fixn<4>        |   13.431|
floatn<29>     |fixn<5>        |   13.891|
floatn<29>     |fixn<6>        |   13.845|
floatn<29>     |fixn<7>        |   13.874|
floatn<29>     |fixn<8>        |   14.190|
floatn<29>     |fixn<9>        |   12.801|
floatn<29>     |fixn<10>       |   12.670|
floatn<29>     |fixn<11>       |   13.570|
floatn<29>     |fixn<12>       |   12.850|
floatn<29>     |fixn<13>       |   12.845|
floatn<29>     |fixn<14>       |   13.015|
floatn<29>     |fixn<15>       |   13.483|
floatn<29>     |fixn<16>       |   12.647|
floatn<29>     |fixn<17>       |   13.733|
floatn<29>     |fixn<18>       |   13.887|
floatn<29>     |fixn<19>       |   12.713|
floatn<29>     |fixn<20>       |   13.481|
floatn<29>     |fixn<21>       |   13.371|
floatn<29>     |fixn<22>       |   13.368|
floatn<29>     |fixn<23>       |   13.416|
floatn<29>     |fixn<24>       |   12.536|
floatn<30>     |fixn<0>        |   11.565|
floatn<30>     |fixn<1>        |   12.230|
floatn<30>     |fixn<2>        |   12.772|
floatn<30>     |fixn<3>        |   11.678|
floatn<30>     |fixn<4>        |   12.191|
floatn<30>     |fixn<5>        |   12.651|
floatn<30>     |fixn<6>        |   12.605|
floatn<30>     |fixn<7>        |   12.634|
floatn<30>     |fixn<8>        |   12.950|
floatn<30>     |fixn<9>        |   11.561|
floatn<30>     |fixn<10>       |   11.430|
floatn<30>     |fixn<11>       |   12.330|
floatn<30>     |fixn<12>       |   11.610|
floatn<30>     |fixn<13>       |   11.605|
floatn<30>     |fixn<14>       |   11.775|
floatn<30>     |fixn<15>       |   12.243|
floatn<30>     |fixn<16>       |   11.407|
floatn<30>     |fixn<17>       |   12.493|
floatn<30>     |fixn<18>       |   12.647|
floatn<30>     |fixn<19>       |   11.473|
floatn<30>     |fixn<20>       |   12.241|
floatn<30>     |fixn<21>       |   12.131|
floatn<30>     |fixn<22>       |   12.128|
floatn<30>     |fixn<23>       |   12.176|
floatn<30>     |fixn<24>       |   11.296|
floatn<31>     |fixn<0>        |   13.454|
floatn<31>     |fixn<1>        |   13.415|
floatn<31>     |fixn<2>        |   13.659|
floatn<31>     |fixn<3>        |   12.797|
floatn<31>     |fixn<4>        |   12.947|
floatn<31>     |fixn<5>        |   13.419|
floatn<31>     |fixn<6>        |   12.922|
floatn<31>     |fixn<7>        |   12.772|
floatn<31>     |fixn<8>        |   12.889|
floatn<31>     |fixn<9>        |   12.400|
floatn<31>     |fixn<10>       |   12.730|
floatn<31>     |fixn<11>       |   12.062|
floatn<31>     |fixn<12>       |   11.923|
floatn<31>     |fixn<13>       |   11.960|
floatn<31>     |fixn<14>       |   12.295|
floatn<31>     |fixn<15>       |   12.781|
floatn<31>     |fixn<16>       |   13.240|
floatn<31>     |fixn<17>       |   12.168|
floatn<31>     |fixn<18>       |   12.534|
floatn<31>     |fixn<19>       |   12.365|
floatn<31>     |fixn<20>       |   11.799|
floatn<31>     |fixn<21>       |   10.113|
floatn<31>     |fixn<22>       |   10.381|
floatn<31>     |fixn<23>       |    9.528|
floatn<31>     |fixn<24>       |    8.506|
---------------+---------------+---------+


Analysis completed Thu Jan 26 19:33:46 2017 
--------------------------------------------------------------------------------

Trace Settings:
-------------------------
Trace Settings 

Peak Memory Usage: 155 MB



